// Jest Snapshot v1, https://goo.gl/fbAQLP

exports[`TEST API renders learn react link 1`] = `
<input
  placeholder="input value"
  type="text"
/>
`;

exports[`TEST API renders learn react link 2`] = `
<h1>
  hi
</h1>
`;

exports[`renders learn react link 1`] = `
<input
  placeholder="input value"
  type="text"
/>
`;
